Logging to tmp/example/201910_Region1_0_0.1/ea_5892.86_wr_35.599.out
2025-10-24 06:03:09> Cmd for rerun: bcachesimrun_py.sh py -B -m episodic_analysis.train --exp example --policy PolicyUtilityServiceTimeSize2 --region Region1 --sample-ratio 0.1 --sample-start 0 --trace-group 201910 --supplied-ea physical --target-wrs 34 50 100 75 20 10 60 90 30 --target-csizes 366.475 --output-base-dir runs/example/baleen --eviction-age 5892.856 --rl-init-kwargs filter_=prefetch --train-target-wr 35.599 --train-models admit prefetch --train-split-secs-start 0 --train-split-secs-end 86400 --ap-acc-cutoff 15 --ap-feat-subset meta+block+chunk
2025-10-24 06:03:09> Files to generate
2025-10-24 06:03:09> analysis runs/example/baleen/example/201910_Region1_0_0.1/offline_analysis_ea_5892.86.csv 
2025-10-24 06:03:09> thresholds tmp/example/201910_Region1_0_0.1/decisions_utility_service_time_size_fixed_ea_5892.86.pkl.bz 
2025-10-24 06:03:09> model_prefetch_offset_start tmp/example/201910_Region1_0_0.1/ea_5892.86_wr_35.599_prefetch_offset_start.model 
2025-10-24 06:03:09> model_prefetch_size tmp/example/201910_Region1_0_0.1/ea_5892.86_wr_35.599_prefetch_size.model 
2025-10-24 06:03:09> model_prefetch_offset_end tmp/example/201910_Region1_0_0.1/ea_5892.86_wr_35.599_prefetch_offset_end.model 
2025-10-24 06:03:09> model_prefetch_pred_net_pf_st_binary tmp/example/201910_Region1_0_0.1/ea_5892.86_wr_35.599_prefetch_pred_net_pf_st_binary.model 
2025-10-24 06:03:09> model_admit_threshold_binary tmp/example/201910_Region1_0_0.1/ea_5892.86_wr_35.599_admit_threshold_binary.model 
2025-10-24 06:03:09> trace_kwargs: {'region': 'Region1', 'sample_ratio': 0.1, 'start': 0.0, 'trace_group': '201910', 'only_gets': True, 'min_ts_from_start': 0.0, 'max_ts_from_start': 86400.0, 'get_features': True}
2025-10-24 06:03:09> Reading from file data/tectonic/201910/Region1/full_0_0.1.trace
2025-10-24 06:03:09> Trace details: Duration=86401.23277902603, Start=1572074461.57806, End=1572160862.810839, NumAccesses=17987
2025-10-24 06:03:10> res_fn_kwargs: {'workers': 8, 'residency_fn': <function process_obj_chunk_n_noprefetch_w_accs at 0x73e5e37f3600>, 'residencylist_class': <class 'BCacheSim.episodic_analysis.episodes.ResidencyListPrefetchAware'>}
2025-10-24 06:03:10> Primary targets only
2025-10-24 06:03:19>    Assumed Eviction Age (s)  Target Write Rate  Target Cache Size  Service Time Saved Ratio  IOPSSavedRatio  Write Rate (MB/s)  Cache Size (GB)  Mean Time In System (s)  Episodes admitted  Cutoff score      Target
2025-10-24 06:03:19> 0                  5892.856                NaN            366.475                  0.515065        0.581753          24.138834       367.004806             15568.810148                498      0.003161  Cache Size
2025-10-24 06:03:19> 0                  5892.856               34.0                NaN                  0.544200        0.613665          34.053334       456.082590             13714.621264                638      0.002127  Write Rate
2025-10-24 06:03:19> Others
2025-10-24 06:03:19>    Assumed Eviction Age (s)  Target Write Rate  Target Cache Size  Service Time Saved Ratio  IOPSSavedRatio  Write Rate (MB/s)  Cache Size (GB)  Mean Time In System (s)  Episodes admitted  Cutoff score                      Target
2025-10-24 06:03:19> 0                  5892.856                NaN            366.475                  0.515065        0.581753          24.138834       367.004806             15568.810148                498      0.003161                  Cache Size
2025-10-24 06:03:19> 0                  5892.856         295.827666                NaN                  0.645137        0.770890         295.827666      2084.838698              7216.616547               4121     -0.006925              Max Write Rate
2025-10-24 06:03:19> 0                  5892.856         154.763417                NaN                  0.645602        0.769055         154.763417      1273.019727              8422.999618               2030      0.000019   Max Write Rate (No waste)
2025-10-24 06:03:19> 0                  5892.856         295.827666                NaN                  0.645137        0.770890         295.827666      2084.838698              7216.616547               4121     -0.006925  Max Write Rate (Not empty)
2025-10-24 06:03:19> 0                  5892.856          34.000000                NaN                  0.544200        0.613665          34.053334       456.082590             13714.621264                638      0.002127                  Write Rate
2025-10-24 06:03:19> 1                  5892.856          50.000000                NaN                  0.578234        0.651860          50.049922       588.294946             12036.262901                833      0.001547                  Write Rate
2025-10-24 06:03:19> 2                  5892.856         100.000000                NaN                  0.630011        0.722299         100.002913       955.514103              9784.179362               1421      0.000539                  Write Rate
2025-10-24 06:03:19> 3                  5892.856          75.000000                NaN                  0.609445        0.683160          75.042332       786.178224             10727.898231               1140      0.001054                  Write Rate
2025-10-24 06:03:19> 4                  5892.856          20.000000                NaN                  0.499783        0.558959          20.037330       332.235623             16978.773163                425      0.004146                  Write Rate
2025-10-24 06:03:19> 5                  5892.856          10.000000                NaN                  0.440463        0.481070          10.007091       212.469931             21741.504011                254      0.008635                  Write Rate
2025-10-24 06:03:19> 6                  5892.856          60.000000                NaN                  0.592313        0.673264          60.055567       665.902205             11354.215697                970      0.001104                  Write Rate
2025-10-24 06:03:19> 7                  5892.856          90.000000                NaN                  0.624182        0.704342          90.072500       897.515557             10203.513120               1312      0.000585                  Write Rate
2025-10-24 06:03:19> 8                  5892.856          30.000000                NaN                  0.534164        0.599766          30.001019       422.670042             14426.647549                572      0.002595                  Write Rate
2025-10-24 06:03:19> Episode filter: prefetch
2025-10-24 06:03:19> #Episodes: 4121, #Accesses: 17987
2025-10-24 06:03:19> Training model for offset_start
2025-10-24 06:03:19> Training model for size
2025-10-24 06:03:26> Training model for offset_end
2025-10-24 06:03:34>             MSE        R2  Threshold         Label Subset
2025-10-24 06:03:42> 0  8.229776e+11  0.475819        0.5  offset_start  Train
2025-10-24 06:03:42> 1  9.920842e+11  0.379317        0.5  offset_start   Test
2025-10-24 06:03:42> 2  3.935843e+12  0.682833        0.5          size  Train
2025-10-24 06:03:42> 3  4.874535e+12  0.634387        0.5          size   Test
2025-10-24 06:03:42> 4  3.335011e+12  0.706797        0.5    offset_end  Train
2025-10-24 06:03:42> 5  3.692146e+12  0.703077        0.5    offset_end   Test
2025-10-24 06:03:42> Training model for pred_net_pf_st_binary
2025-10-24 06:03:42> Training model for pf_benefit
2025-10-24 06:03:42> Training model for pred_pf_benefit
2025-10-24 06:03:50> Training model for pred_net_pf_st
2025-10-24 06:03:58>             MSE        R2  Threshold                  Label Subset  ...   TP  TPR  TNR  FN/FP  Accuracy
2025-10-24 06:04:02> 0  8.229776e+11  0.475819        0.5           offset_start  Train  ...  NaN  NaN  NaN    NaN       NaN
2025-10-24 06:04:02> 1  9.920842e+11  0.379317        0.5           offset_start   Test  ...  NaN  NaN  NaN    NaN       NaN
2025-10-24 06:04:02> 2  3.935843e+12  0.682833        0.5                   size  Train  ...  NaN  NaN  NaN    NaN       NaN
2025-10-24 06:04:02> 3  4.874535e+12  0.634387        0.5                   size   Test  ...  NaN  NaN  NaN    NaN       NaN
2025-10-24 06:04:02> 4  3.335011e+12  0.706797        0.5             offset_end  Train  ...  NaN  NaN  NaN    NaN       NaN
2025-10-24 06:04:02> 5  3.692146e+12  0.703077        0.5             offset_end   Test  ...  NaN  NaN  NaN    NaN       NaN
2025-10-24 06:04:02> 0  1.742371e-02  0.000000        0.5  pred_net_pf_st_binary  Train  ...  0.0  0.0  1.0    inf  0.982262
2025-10-24 06:04:02> 1  1.522996e-02 -0.000340        0.5  pred_net_pf_st_binary   Test  ...  0.0  0.0  1.0    inf  0.984536
2025-10-24 06:04:02> 2  2.269950e-03  0.640389        0.5             pf_benefit  Train  ...  NaN  NaN  NaN    NaN       NaN
2025-10-24 06:04:02> 3  2.777022e-03  0.558430        0.5             pf_benefit   Test  ...  NaN  NaN  NaN    NaN       NaN
2025-10-24 06:04:02> 4  2.298999e-05  0.131953        0.5        pred_pf_benefit  Train  ...  NaN  NaN  NaN    NaN       NaN
2025-10-24 06:04:02> 5  1.878549e-05  0.078125        0.5        pred_pf_benefit   Test  ...  NaN  NaN  NaN    NaN       NaN
2025-10-24 06:04:02> 6  5.187451e-05  0.277688        0.5         pred_net_pf_st  Train  ...  NaN  NaN  NaN    NaN       NaN
2025-10-24 06:04:02> 7  5.781159e-05  0.167143        0.5         pred_net_pf_st   Test  ...  NaN  NaN  NaN    NaN       NaN
2025-10-24 06:04:02> 
2025-10-24 06:04:02> [14 rows x 13 columns]
2025-10-24 06:04:02> Source Episodes: 4121, Used Episodes: 4121
2025-10-24 06:04:07> Rows: 11227, Train: 7970, Test: 3257
2025-10-24 06:04:08> count     11227
2025-10-24 06:04:16> unique        2
2025-10-24 06:04:16> top       False
2025-10-24 06:04:16> freq       6236
2025-10-24 06:04:16> Name: threshold_binary, dtype: object
2025-10-24 06:04:16> 4991
2025-10-24 06:04:16> Training threshold_binary
2025-10-24 06:04:16> ['feat_metadata|op', 'feat_metadata|ns', 'feat_metadata|user', 'feat_metadata_size|start', 'feat_metadata_size|end', 'feat_metadata_size|size', 'feat_dynamic_b|0', 'feat_dynamic_b|1', 'feat_dynamic_b|2', 'feat_dynamic_b|3', 'feat_dynamic_b|4', 'feat_dynamic_b|5', 'feat_dynamic_c_combined|0', 'feat_dynamic_c_combined|1', 'feat_dynamic_c_combined|2', 'feat_dynamic_c_combined|3', 'feat_dynamic_c_combined|4', 'feat_dynamic_c_combined|5']
2025-10-24 06:05:28> Labels: ['threshold_binary']
2025-10-24 06:05:28> threshold_binary
2025-10-24 06:05:29> 	feat_dynamic_c_combined|5: 245
2025-10-24 06:05:29> 	feat_dynamic_b|4: 314
2025-10-24 06:05:29> 	feat_dynamic_c_combined|4: 338
2025-10-24 06:05:29> 	feat_dynamic_b|3: 537
2025-10-24 06:05:29> 	feat_dynamic_b|5: 553
2025-10-24 06:05:29> 	feat_dynamic_c_combined|3: 618
2025-10-24 06:05:29> 	feat_dynamic_b|2: 632
2025-10-24 06:05:29> 	feat_dynamic_c_combined|2: 758
2025-10-24 06:05:29> 	feat_dynamic_c_combined|1: 1200
2025-10-24 06:05:29> 	feat_dynamic_b|1: 1299
2025-10-24 06:05:29> 	feat_metadata|op: 1671
2025-10-24 06:05:29> 	feat_metadata_size|start: 3409
2025-10-24 06:05:29> 	feat_dynamic_b|0: 3606
2025-10-24 06:05:29> 	feat_dynamic_c_combined|0: 5470
2025-10-24 06:05:29> 	feat_metadata|user: 6582
2025-10-24 06:05:29> 	feat_metadata|ns: 6761
2025-10-24 06:05:29> 	feat_metadata_size|size: 7443
2025-10-24 06:05:29> 	feat_metadata_size|end: 7730
2025-10-24 06:05:29>         MSE        R2    TN   FP   FN  ...     FN/FP  Accuracy  Threshold             Label  Subset
2025-10-24 06:05:29> 0  0.063202  0.744683  4147  233  439  ...  1.884120  0.915684        0.5  threshold_binary   Train
2025-10-24 06:05:29> 1  0.101691  0.585140  1676  180  285  ...  1.583333  0.857231        0.5  threshold_binary    Test
2025-10-24 06:05:29> 
2025-10-24 06:05:29> [2 rows x 13 columns]
2025-10-24 06:05:29> Filenames generated:
2025-10-24 06:05:29> analysis runs/example/baleen/example/201910_Region1_0_0.1/offline_analysis_ea_5892.86.csv 0.0055666M
2025-10-24 06:05:29> thresholds tmp/example/201910_Region1_0_0.1/decisions_utility_service_time_size_fixed_ea_5892.86.pkl.bz 0.630296M
2025-10-24 06:05:29> model_prefetch_offset_start tmp/example/201910_Region1_0_0.1/ea_5892.86_wr_35.599_prefetch_offset_start.model 0.508526M
2025-10-24 06:05:29> model_prefetch_size tmp/example/201910_Region1_0_0.1/ea_5892.86_wr_35.599_prefetch_size.model 0.621926M
2025-10-24 06:05:29> model_prefetch_offset_end tmp/example/201910_Region1_0_0.1/ea_5892.86_wr_35.599_prefetch_offset_end.model 0.62016M
2025-10-24 06:05:29> model_prefetch_pred_net_pf_st_binary tmp/example/201910_Region1_0_0.1/ea_5892.86_wr_35.599_prefetch_pred_net_pf_st_binary.model 0.00277042M
2025-10-24 06:05:29> model_admit_threshold_binary tmp/example/201910_Region1_0_0.1/ea_5892.86_wr_35.599_admit_threshold_binary.model 5.20423M
2025-10-24 06:05:29> 